--------------------------------------------------------------------------------
Release 14.7 Trace  (nt64)
Copyright (c) 1995-2013 Xilinx, Inc.  All rights reserved.

C:\Xilinx\14.7\ISE_DS\ISE\bin\nt64\unwrapped\trce.exe -intstyle ise -v 3 -s 1
-n 3 -fastpaths -xml u_d_Counter.twx u_d_Counter.ncd -o u_d_Counter.twr
u_d_Counter.pcf

Design file:              u_d_Counter.ncd
Physical constraint file: u_d_Counter.pcf
Device,package,speed:     xc7a100t,csg324,C,-1 (PRODUCTION 1.10 2013-10-13)
Report level:             verbose report

Environment Variable      Effect 
--------------------      ------ 
NONE                      No environment variables were set
--------------------------------------------------------------------------------

INFO:Timing:2698 - No timing constraints found, doing default enumeration.
INFO:Timing:3412 - To improve timing, see the Timing Closure User Guide (UG612).
INFO:Timing:2752 - To get complete path coverage, use the unconstrained paths 
   option. All paths that are not constrained will be reported in the 
   unconstrained paths section(s) of the report.
INFO:Timing:3339 - The clock-to-out numbers in this timing report are based on 
   a 50 Ohm transmission line loading model.  For the details of this model, 
   and for more information on accounting for different loading conditions, 
   please see the device datasheet.



Data Sheet report:
-----------------
All values displayed in nanoseconds (ns)

Setup/Hold to clock clk
------------+------------+------------+------------+------------+------------------+--------+
            |Max Setup to|  Process   |Max Hold to |  Process   |                  | Clock  |
Source      | clk (edge) |   Corner   | clk (edge) |   Corner   |Internal Clock(s) | Phase  |
------------+------------+------------+------------+------------+------------------+--------+
clock_enable|    0.056(R)|      FAST  |    2.422(R)|      SLOW  |clk_BUFGP         |   0.000|
reset       |    0.056(R)|      FAST  |    2.406(R)|      SLOW  |clk_BUFGP         |   0.000|
up_down     |    0.405(R)|      FAST  |    2.854(R)|      SLOW  |clk_BUFGP         |   0.000|
------------+------------+------------+------------+------------+------------------+--------+

Clock clk to Pad
------------+-----------------+------------+-----------------+------------+------------------+--------+
            |Max (slowest) clk|  Process   |Min (fastest) clk|  Process   |                  | Clock  |
Destination |  (edge) to PAD  |   Corner   |  (edge) to PAD  |   Corner   |Internal Clock(s) | Phase  |
------------+-----------------+------------+-----------------+------------+------------------+--------+
reg_out<0>  |         9.502(R)|      SLOW  |         3.124(R)|      FAST  |clk_BUFGP         |   0.000|
reg_out<1>  |         9.637(R)|      SLOW  |         3.155(R)|      FAST  |clk_BUFGP         |   0.000|
reg_out<2>  |         9.643(R)|      SLOW  |         3.177(R)|      FAST  |clk_BUFGP         |   0.000|
reg_out<3>  |         9.981(R)|      SLOW  |         3.350(R)|      FAST  |clk_BUFGP         |   0.000|
reg_out<4>  |         9.846(R)|      SLOW  |         3.255(R)|      FAST  |clk_BUFGP         |   0.000|
reg_out<5>  |         9.692(R)|      SLOW  |         3.206(R)|      FAST  |clk_BUFGP         |   0.000|
reg_out<6>  |         9.864(R)|      SLOW  |         3.263(R)|      FAST  |clk_BUFGP         |   0.000|
------------+-----------------+------------+-----------------+------------+------------------+--------+

Clock to Setup on destination clock clk
---------------+---------+---------+---------+---------+
               | Src:Rise| Src:Fall| Src:Rise| Src:Fall|
Source Clock   |Dest:Rise|Dest:Rise|Dest:Fall|Dest:Fall|
---------------+---------+---------+---------+---------+
clk            |    2.879|         |         |         |
---------------+---------+---------+---------+---------+


Analysis completed Wed Aug 10 23:49:54 2016 
--------------------------------------------------------------------------------

Trace Settings:
-------------------------
Trace Settings 

Peak Memory Usage: 673 MB



