Release 14.7 - xst P.20131013 (nt64)
Copyright (c) 1995-2013 Xilinx, Inc.  All rights reserved.
--> Parameter TMPDIR set to xst/projnav.tmp


Total REAL time to Xst completion: 0.00 secs
Total CPU time to Xst completion: 0.11 secs
 
--> Parameter xsthdpdir set to xst


Total REAL time to Xst completion: 0.00 secs
Total CPU time to Xst completion: 0.11 secs
 
--> Reading design: u_d_Counter.prj

TABLE OF CONTENTS
  1) Synthesis Options Summary
  2) HDL Parsing
  3) HDL Elaboration
  4) HDL Synthesis
       4.1) HDL Synthesis Report
  5) Advanced HDL Synthesis
       5.1) Advanced HDL Synthesis Report
  6) Low Level Synthesis
  7) Partition Report
  8) Design Summary
       8.1) Primitive and Black Box Usage
       8.2) Device utilization summary
       8.3) Partition Resource Summary
       8.4) Timing Report
            8.4.1) Clock Information
            8.4.2) Asynchronous Control Signals Information
            8.4.3) Timing Summary
            8.4.4) Timing Details
            8.4.5) Cross Clock Domains Report


=========================================================================
*                      Synthesis Options Summary                        *
=========================================================================
---- Source Parameters
Input File Name                    : "u_d_Counter.prj"
Ignore Synthesis Constraint File   : NO

---- Target Parameters
Output File Name                   : "u_d_Counter"
Output Format                      : NGC
Target Device                      : xc7a100t-1-csg324

---- Source Options
Top Module Name                    : u_d_Counter
Automatic FSM Extraction           : YES
FSM Encoding Algorithm             : Auto
Safe Implementation                : No
FSM Style                          : LUT
RAM Extraction                     : Yes
RAM Style                          : Auto
ROM Extraction                     : Yes
Shift Register Extraction          : YES
ROM Style                          : Auto
Resource Sharing                   : YES
Asynchronous To Synchronous        : NO
Shift Register Minimum Size        : 2
Use DSP Block                      : Auto
Automatic Register Balancing       : No

---- Target Options
LUT Combining                      : Auto
Reduce Control Sets                : Auto
Add IO Buffers                     : YES
Global Maximum Fanout              : 100000
Add Generic Clock Buffer(BUFG)     : 32
Register Duplication               : YES
Optimize Instantiated Primitives   : NO
Use Clock Enable                   : Auto
Use Synchronous Set                : Auto
Use Synchronous Reset              : Auto
Pack IO Registers into IOBs        : Auto
Equivalent register Removal        : YES

---- General Options
Optimization Goal                  : Speed
Optimization Effort                : 1
Power Reduction                    : NO
Keep Hierarchy                     : No
Netlist Hierarchy                  : As_Optimized
RTL Output                         : Yes
Global Optimization                : AllClockNets
Read Cores                         : YES
Write Timing Constraints           : NO
Cross Clock Analysis               : NO
Hierarchy Separator                : /
Bus Delimiter                      : <>
Case Specifier                     : Maintain
Slice Utilization Ratio            : 100
BRAM Utilization Ratio             : 100
DSP48 Utilization Ratio            : 100
Auto BRAM Packing                  : NO
Slice Utilization Ratio Delta      : 5

=========================================================================


=========================================================================
*                          HDL Parsing                                  *
=========================================================================
Parsing VHDL file "F:\PROJECTS\NARSS\Up_Down\Up_Down_counter.vhd" into library work
Parsing entity <u_d_Counter>.
Parsing architecture <Behavioral> of entity <u_d_counter>.

=========================================================================
*                            HDL Elaboration                            *
=========================================================================

Elaborating entity <u_d_Counter> (architecture <Behavioral>) from library <work>.

=========================================================================
*                           HDL Synthesis                               *
=========================================================================

Synthesizing Unit <u_d_Counter>.
    Related source file is "F:\PROJECTS\NARSS\Up_Down\Up_Down_counter.vhd".
    Found 7-bit register for signal <reg_out>.
    Found 7-bit adder for signal <reg_name[6]_GND_5_o_add_1_OUT> created at line 56.
    Found 7-bit subtractor for signal <GND_5_o_GND_5_o_sub_4_OUT<6:0>> created at line 58.
    Summary:
	inferred   1 Adder/Subtractor(s).
	inferred   7 D-type flip-flop(s).
Unit <u_d_Counter> synthesized.

=========================================================================
HDL Synthesis Report

Macro Statistics
# Adders/Subtractors                                   : 1
 7-bit addsub                                          : 1
# Registers                                            : 1
 7-bit register                                        : 1

=========================================================================

=========================================================================
*                       Advanced HDL Synthesis                          *
=========================================================================


Synthesizing (advanced) Unit <u_d_Counter>.
The following registers are absorbed into counter <reg_name>: 1 register on signal <reg_name>.
Unit <u_d_Counter> synthesized (advanced).

=========================================================================
Advanced HDL Synthesis Report

Macro Statistics
# Counters                                             : 1
 7-bit updown counter                                  : 1

=========================================================================

=========================================================================
*                         Low Level Synthesis                           *
=========================================================================

Optimizing unit <u_d_Counter> ...

Mapping all equations...
Building and optimizing final netlist ...
Found area constraint ratio of 100 (+ 5) on block u_d_Counter, actual ratio is 0.

Final Macro Processing ...

=========================================================================
Final Register Report

Macro Statistics
# Registers                                            : 7
 Flip-Flops                                            : 7

=========================================================================

=========================================================================
*                           Partition Report                            *
=========================================================================

Partition Implementation Status
-------------------------------

  No Partitions were found in this design.

-------------------------------

=========================================================================
*                            Design Summary                             *
=========================================================================

Top Level Output File Name         : u_d_Counter.ngc

Primitive and Black Box Usage:
------------------------------
# BELS                             : 26
#      LUT2                        : 2
#      LUT3                        : 6
#      LUT4                        : 4
#      LUT5                        : 1
#      LUT6                        : 13
# FlipFlops/Latches                : 7
#      FDR                         : 2
#      FDRE                        : 5
# Clock Buffers                    : 1
#      BUFGP                       : 1
# IO Buffers                       : 10
#      IBUF                        : 3
#      OBUF                        : 7

Device utilization summary:
---------------------------

Selected Device : 7a100tcsg324-1 


Slice Logic Utilization: 
 Number of Slice Registers:               7  out of  126800     0%  
 Number of Slice LUTs:                   26  out of  63400     0%  
    Number used as Logic:                26  out of  63400     0%  

Slice Logic Distribution: 
 Number of LUT Flip Flop pairs used:     26
   Number with an unused Flip Flop:      19  out of     26    73%  
   Number with an unused LUT:             0  out of     26     0%  
   Number of fully used LUT-FF pairs:     7  out of     26    26%  
   Number of unique control sets:         2

IO Utilization: 
 Number of IOs:                          11
 Number of bonded IOBs:                  11  out of    210     5%  

Specific Feature Utilization:
 Number of BUFG/BUFGCTRLs:                1  out of     32     3%  

---------------------------
Partition Resource Summary:
---------------------------

  No Partitions were found in this design.

---------------------------


=========================================================================
Timing Report

NOTE: THESE TIMING NUMBERS ARE ONLY A SYNTHESIS ESTIMATE.
      FOR ACCURATE TIMING INFORMATION PLEASE REFER TO THE TRACE REPORT
      GENERATED AFTER PLACE-and-ROUTE.

Clock Information:
------------------
-----------------------------------+------------------------+-------+
Clock Signal                       | Clock buffer(FF name)  | Load  |
-----------------------------------+------------------------+-------+
clk                                | BUFGP                  | 7     |
-----------------------------------+------------------------+-------+

Asynchronous Control Signals Information:
----------------------------------------
No asynchronous control signals found in this design

Timing Summary:
---------------
Speed Grade: -1

   Minimum period: 2.840ns (Maximum Frequency: 352.113MHz)
   Minimum input arrival time before clock: 2.255ns
   Maximum output required time after clock: 0.969ns
   Maximum combinational path delay: No path found

Timing Details:
---------------
All values displayed in nanoseconds (ns)

=========================================================================
Timing constraint: Default period analysis for Clock 'clk'
  Clock period: 2.840ns (frequency: 352.113MHz)
  Total number of paths / destination ports: 183 / 12
-------------------------------------------------------------------------
Delay:               2.840ns (Levels of Logic = 3)
  Source:            reg_name_2 (FF)
  Destination:       reg_name_2 (FF)
  Source Clock:      clk rising
  Destination Clock: clk rising

  Data Path: reg_name_2 to reg_name_2
                                Gate     Net
    Cell:in->out      fanout   Delay   Delay  Logical Name (Net Name)
    ----------------------------------------  ------------
     FDRE:C->Q            11   0.478   0.782  reg_name_2 (reg_name_2)
     LUT3:I0->O            5   0.124   0.448  up_down_GND_5_o_AND_1_o_SW0 (N5)
     LUT6:I5->O            3   0.124   0.730  up_down_GND_5_o_AND_1_o (up_down_GND_5_o_AND_1_o)
     LUT6:I3->O            1   0.124   0.000  Mcount_reg_name_xor<2>11 (Result<2>)
     FDRE:D                    0.030          reg_name_2
    ----------------------------------------
    Total                      2.840ns (0.880ns logic, 1.960ns route)
                                       (31.0% logic, 69.0% route)

=========================================================================
Timing constraint: Default OFFSET IN BEFORE for Clock 'clk'
  Total number of paths / destination ports: 45 / 19
-------------------------------------------------------------------------
Offset:              2.255ns (Levels of Logic = 4)
  Source:            up_down (PAD)
  Destination:       reg_name_3 (FF)
  Destination Clock: clk rising

  Data Path: up_down to reg_name_3
                                Gate     Net
    Cell:in->out      fanout   Delay   Delay  Logical Name (Net Name)
    ----------------------------------------  ------------
     IBUF:I->O            13   0.001   0.856  up_down_IBUF (up_down_IBUF)
     LUT4:I0->O            2   0.124   0.542  _n0038_inv_SW1 (N49)
     LUT6:I4->O            6   0.124   0.454  _n0038_inv (_n0038_inv)
     LUT6:I5->O            1   0.124   0.000  reg_name_3_rstpot (reg_name_3_rstpot)
     FDR:D                     0.030          reg_name_3
    ----------------------------------------
    Total                      2.255ns (0.403ns logic, 1.852ns route)
                                       (17.9% logic, 82.1% route)

=========================================================================
Timing constraint: Default OFFSET OUT AFTER for Clock 'clk'
  Total number of paths / destination ports: 7 / 7
-------------------------------------------------------------------------
Offset:              0.969ns (Levels of Logic = 1)
  Source:            reg_name_3 (FF)
  Destination:       reg_out<3> (PAD)
  Source Clock:      clk rising

  Data Path: reg_name_3 to reg_out<3>
                                Gate     Net
    Cell:in->out      fanout   Delay   Delay  Logical Name (Net Name)
    ----------------------------------------  ------------
     FDR:C->Q             15   0.478   0.491  reg_name_3 (reg_name_3)
     OBUF:I->O                 0.000          reg_out_3_OBUF (reg_out<3>)
    ----------------------------------------
    Total                      0.969ns (0.478ns logic, 0.491ns route)
                                       (49.3% logic, 50.7% route)

=========================================================================

Cross Clock Domains Report:
--------------------------

Clock to Setup on destination clock clk
---------------+---------+---------+---------+---------+
               | Src:Rise| Src:Fall| Src:Rise| Src:Fall|
Source Clock   |Dest:Rise|Dest:Rise|Dest:Fall|Dest:Fall|
---------------+---------+---------+---------+---------+
clk            |    2.840|         |         |         |
---------------+---------+---------+---------+---------+

=========================================================================


Total REAL time to Xst completion: 11.00 secs
Total CPU time to Xst completion: 10.46 secs
 
--> 

Total memory usage is 413148 kilobytes

Number of errors   :    0 (   0 filtered)
Number of warnings :    0 (   0 filtered)
Number of infos    :    0 (   0 filtered)

