--------------------------------------------------------------------------------
Release 14.7 Trace  (nt64)
Copyright (c) 1995-2013 Xilinx, Inc.  All rights reserved.

C:\Xilinx\14.7\ISE_DS\ISE\bin\nt64\unwrapped\trce.exe -intstyle ise -v 3 -s 1
-n 3 -fastpaths -xml Mux.twx Mux.ncd -o Mux.twr Mux.pcf

Design file:              Mux.ncd
Physical constraint file: Mux.pcf
Device,package,speed:     xc7a100t,csg324,C,-1 (PRODUCTION 1.10 2013-10-13)
Report level:             verbose report

Environment Variable      Effect 
--------------------      ------ 
NONE                      No environment variables were set
--------------------------------------------------------------------------------

INFO:Timing:2698 - No timing constraints found, doing default enumeration.
INFO:Timing:3412 - To improve timing, see the Timing Closure User Guide (UG612).
INFO:Timing:2752 - To get complete path coverage, use the unconstrained paths 
   option. All paths that are not constrained will be reported in the 
   unconstrained paths section(s) of the report.
INFO:Timing:3339 - The clock-to-out numbers in this timing report are based on 
   a 50 Ohm transmission line loading model.  For the details of this model, 
   and for more information on accounting for different loading conditions, 
   please see the device datasheet.



Data Sheet report:
-----------------
All values displayed in nanoseconds (ns)

Setup/Hold to clock clk
------------+------------+------------+------------+------------+------------------+--------+
            |Max Setup to|  Process   |Max Hold to |  Process   |                  | Clock  |
Source      | clk (edge) |   Corner   | clk (edge) |   Corner   |Internal Clock(s) | Phase  |
------------+------------+------------+------------+------------+------------------+--------+
input<0>    |    0.525(R)|      FAST  |    1.643(R)|      SLOW  |clk_BUFGP         |   0.000|
input<1>    |    0.393(R)|      FAST  |    1.936(R)|      SLOW  |clk_BUFGP         |   0.000|
input<2>    |    0.513(R)|      FAST  |    1.627(R)|      SLOW  |clk_BUFGP         |   0.000|
input<3>    |    0.423(R)|      FAST  |    1.820(R)|      SLOW  |clk_BUFGP         |   0.000|
input<4>    |    0.326(R)|      FAST  |    2.047(R)|      SLOW  |clk_BUFGP         |   0.000|
rst         |   -0.518(R)|      FAST  |    3.025(R)|      SLOW  |clk_BUFGP         |   0.000|
sel<0>      |    0.360(R)|      FAST  |    2.329(R)|      SLOW  |clk_BUFGP         |   0.000|
sel<1>      |    0.560(R)|      FAST  |    1.928(R)|      SLOW  |clk_BUFGP         |   0.000|
sel<2>      |    0.343(R)|      FAST  |    1.970(R)|      SLOW  |clk_BUFGP         |   0.000|
------------+------------+------------+------------+------------+------------------+--------+

Clock clk to Pad
------------+-----------------+------------+-----------------+------------+------------------+--------+
            |Max (slowest) clk|  Process   |Min (fastest) clk|  Process   |                  | Clock  |
Destination |  (edge) to PAD  |   Corner   |  (edge) to PAD  |   Corner   |Internal Clock(s) | Phase  |
------------+-----------------+------------+-----------------+------------+------------------+--------+
output      |         7.938(R)|      SLOW  |         2.815(R)|      FAST  |clk_BUFGP         |   0.000|
------------+-----------------+------------+-----------------+------------+------------------+--------+


Analysis completed Wed Aug 10 23:47:20 2016 
--------------------------------------------------------------------------------

Trace Settings:
-------------------------
Trace Settings 

Peak Memory Usage: 673 MB



